{
  "model": "M1",
  "boundary_on": true,
  "tau": 0.2,
  "seed": 11,
  "status": "FEASIBLE",
  "runtime_sec": 300.02660965919495,
  "objective": 1793321.0,
  "bound": 896610.0,
  "gap": 0.5000281600449669,
  "metrics": {
    "label": "A_M1_on",
    "max_min_ratio": 1.3138311735419057,
    "max_rel_dev": 0.16085088622708588,
    "mean_abs_dev": 0.0824203618438752,
    "rms_dev": 0.09421930905113261,
    "contiguity_violations": [],
    "contiguous": true,
    "polsby_popper_mean": 0.03324447705769508,
    "polsby_popper_min": 0.011690560105553872,
    "total_boundary_m": 5355039.863057774,
    "n_split_munis": 0,
    "split_munis": [],
    "split_pop_min_fragment": 0.0,
    "severed_flow_total": 243932.5,
    "severed_fraction": 0.2733535416923473,
    "total_od_flow_within_region": 892370.0,
    "cross_pref_flow": 39733.0,
    "cross_pref_flow_severed": 39733.0,
    "cross_pref_flow_retained": 0.0,
    "within_district_retention": 648437.5,
    "future": {
      "S1": {
        "2025": {
          "max_rel_dev": 0.15707119827843674,
          "district_pops": [
            380828.0,
            366896.0,
            459286.0,
            386759.0,
            478329.0,
            446292.0,
            469333.0,
            435062.0,
            494585.0
          ]
        },
        "2030": {
          "max_rel_dev": 0.16522837771107035,
          "district_pops": [
            372934.0,
            357809.0,
            442285.0,
            363771.0,
            468058.0,
            440335.0,
            452715.0,
            428670.0,
            494746.0
          ]
        },
        "2035": {
          "max_rel_dev": 0.19325148244372325,
          "district_pops": [
            363119.0,
            345920.0,
            423191.0,
            340535.0,
            455977.0000000001,
            432419.0,
            434921.0,
            419771.0,
            491539.0
          ]
        },
        "2040": {
          "max_rel_dev": 0.21978752959676773,
          "district_pops": [
            351744.0,
            332338.0,
            402346.0,
            317096.0,
            441609.00000000006,
            421888.0,
            415807.0,
            408859.0,
            484716.9999999999
          ]
        },
        "2045": {
          "max_rel_dev": 0.24422825478318422,
          "district_pops": [
            339801.0,
            318107.0,
            381038.0,
            293940.0,
            426655.0,
            410828.0,
            395687.0,
            396498.0,
            475271.00000000006
          ]
        },
        "2050": {
          "max_rel_dev": 0.26746395470306195,
          "district_pops": [
            327703.0,
            304002.0,
            360355.0,
            271657.0,
            412844.0,
            399414.0,
            375057.0,
            383171.0,
            464563.0000000001
          ]
        }
      },
      "S2": {
        "2025": {
          "max_rel_dev": 0.15707119827843674,
          "district_pops": [
            380828.0,
            366896.0,
            459286.0,
            386759.0,
            478329.0,
            446292.0,
            469333.0,
            435062.0,
            494585.0
          ]
        },
        "2030": {
          "max_rel_dev": 0.16522837771107035,
          "district_pops": [
            372934.0,
            357809.0,
            442285.0,
            363771.0,
            468058.0,
            440335.0,
            452715.0,
            428670.0,
            494746.0
          ]
        },
        "2035": {
          "max_rel_dev": 0.19325148244372325,
          "district_pops": [
            363119.0,
            345920.0,
            423191.0,
            340535.0,
            455977.0000000001,
            432419.0,
            434921.0,
            419771.0,
            491539.0
          ]
        },
        "2040": {
          "max_rel_dev": 0.21978752959676773,
          "district_pops": [
            351744.0,
            332338.0,
            402346.0,
            317096.0,
            441609.00000000006,
            421888.0,
            415807.0,
            408859.0,
            484716.9999999999
          ]
        },
        "2045": {
          "max_rel_dev": 0.24422825478318422,
          "district_pops": [
            339801.0,
            318107.0,
            381038.0,
            293940.0,
            426655.0,
            410828.0,
            395687.0,
            396498.0,
            475271.00000000006
          ]
        },
        "2050": {
          "max_rel_dev": 0.26746395470306195,
          "district_pops": [
            327703.0,
            304002.0,
            360355.0,
            271657.0,
            412844.0,
            399414.0,
            375057.0,
            383171.0,
            464563.0000000001
          ]
        }
      }
    },
    "durability": {
      "S1": 2040,
      "S2": 2040
    },
    "district_pops": [
      389274.0,
      372181.0,
      472738.0,
      409836.0,
      485251.0,
      448807.0,
      486329.0,
      438298.0,
      488983.0
    ],
    "polsby_popper": [
      0.054768375682260215,
      0.03676228043976714,
      0.0272101069478747,
      0.011690560105553872,
      0.02832595592675823,
      0.014332840197919097,
      0.027632607245047004,
      0.05277836911189382,
      0.045699197862181656
    ]
  }
}
{
  "model": "M2",
  "boundary_on": true,
  "tau": 0.2,
  "seed": 11,
  "status": "FEASIBLE",
  "runtime_sec": 300.02989888191223,
  "objective": 1793321.0,
  "bound": 911719.0,
  "gap": 0.4916030091656764,
  "metrics": {
    "label": "A_M2_on",
    "max_min_ratio": 1.3138311735419057,
    "max_rel_dev": 0.16085088622708588,
    "mean_abs_dev": 0.0824203618438752,
    "rms_dev": 0.09421930905113261,
    "contiguity_violations": [],
    "contiguous": true,
    "polsby_popper_mean": 0.03324447705769508,
    "polsby_popper_min": 0.011690560105553872,
    "total_boundary_m": 5355039.8630577745,
    "n_split_munis": 0,
    "split_munis": [],
    "split_pop_min_fragment": 0.0,
    "severed_flow_total": 243932.5,
    "severed_fraction": 0.2733535416923473,
    "total_od_flow_within_region": 892370.0,
    "cross_pref_flow": 39733.0,
    "cross_pref_flow_severed": 39733.0,
    "cross_pref_flow_retained": 0.0,
    "within_district_retention": 648437.5,
    "future": {
      "S1": {
        "2025": {
          "max_rel_dev": 0.15707119827843674,
          "district_pops": [
            446292.0,
            366896.0,
            478329.0,
            386759.0,
            380828.0,
            459286.0,
            469333.0,
            435062.0,
            494585.0
          ]
        },
        "2030": {
          "max_rel_dev": 0.16522837771107035,
          "district_pops": [
            440335.0,
            357809.0,
            468058.0,
            363771.0,
            372934.0,
            442285.0,
            452715.0,
            428670.0,
            494746.0
          ]
        },
        "2035": {
          "max_rel_dev": 0.19325148244372325,
          "district_pops": [
            432419.0,
            345920.0,
            455977.0000000001,
            340535.0,
            363119.0,
            423191.0,
            434921.0,
            419771.0,
            491539.0
          ]
        },
        "2040": {
          "max_rel_dev": 0.21978752959676773,
          "district_pops": [
            421888.0,
            332338.0,
            441609.00000000006,
            317096.0,
            351744.0,
            402346.0,
            415807.0,
            408859.0,
            484716.9999999999
          ]
        },
        "2045": {
          "max_rel_dev": 0.24422825478318422,
          "district_pops": [
            410828.0,
            318107.0,
            426655.0,
            293940.0,
            339801.0,
            381038.0,
            395687.0,
            396498.0,
            475271.00000000006
          ]
        },
        "2050": {
          "max_rel_dev": 0.26746395470306195,
          "district_pops": [
            399414.0,
            304002.0,
            412844.0,
            271657.0,
            327703.0,
            360355.0,
            375057.0,
            383171.0,
            464563.0000000001
          ]
        }
      },
      "S2": {
        "2025": {
          "max_rel_dev": 0.15707119827843674,
          "district_pops": [
            446292.0,
            366896.0,
            478329.0,
            386759.0,
            380828.0,
            459286.0,
            469333.0,
            435062.0,
            494585.0
          ]
        },
        "2030": {
          "max_rel_dev": 0.16522837771107035,
          "district_pops": [
            440335.0,
            357809.0,
            468058.0,
            363771.0,
            372934.0,
            442285.0,
            452715.0,
            428670.0,
            494746.0
          ]
        },
        "2035": {
          "max_rel_dev": 0.19325148244372325,
          "district_pops": [
            432419.0,
            345920.0,
            455977.0000000001,
            340535.0,
            363119.0,
            423191.0,
            434921.0,
            419771.0,
            491539.0
          ]
        },
        "2040": {
          "max_rel_dev": 0.21978752959676773,
          "district_pops": [
            421888.0,
            332338.0,
            441609.00000000006,
            317096.0,
            351744.0,
            402346.0,
            415807.0,
            408859.0,
            484716.9999999999
          ]
        },
        "2045": {
          "max_rel_dev": 0.24422825478318422,
          "district_pops": [
            410828.0,
            318107.0,
            426655.0,
            293940.0,
            339801.0,
            381038.0,
            395687.0,
            396498.0,
            475271.00000000006
          ]
        },
        "2050": {
          "max_rel_dev": 0.26746395470306195,
          "district_pops": [
            399414.0,
            304002.0,
            412844.0,
            271657.0,
            327703.0,
            360355.0,
            375057.0,
            383171.0,
            464563.0000000001
          ]
        }
      }
    },
    "durability": {
      "S1": 2040,
      "S2": 2040
    },
    "district_pops": [
      448807.0,
      372181.0,
      485251.0,
      409836.0,
      389274.0,
      472738.0,
      486329.0,
      438298.0,
      488983.0
    ],
    "polsby_popper": [
      0.014332840197919097,
      0.03676228043976714,
      0.02832595592675823,
      0.011690560105553872,
      0.054768375682260215,
      0.0272101069478747,
      0.027632607245047004,
      0.05277836911189382,
      0.045699197862181656
    ]
  }
}
{
  "model": "M3",
  "boundary_on": false,
  "tau": 0.2,
  "seed": 11,
  "status": "FEASIBLE",
  "runtime_sec": 300.02636313438416,
  "objective": 1870325.0,
  "bound": 1261028.0,
  "gap": 0.3257706548327162,
  "metrics": {
    "label": "A_M3_off",
    "max_min_ratio": 1.3215579758623457,
    "max_rel_dev": 0.15744857387722566,
    "mean_abs_dev": 0.08921496574291865,
    "rms_dev": 0.10024374768242608,
    "contiguity_violations": [],
    "contiguous": true,
    "polsby_popper_mean": 0.03206327883880022,
    "polsby_popper_min": 0.011690560105553872,
    "total_boundary_m": 5401252.408704229,
    "n_split_munis": 0,
    "split_munis": [],
    "split_pop_min_fragment": 0.0,
    "severed_flow_total": 249689.5,
    "severed_fraction": 0.279804901554288,
    "total_od_flow_within_region": 892370.0,
    "cross_pref_flow": 39733.0,
    "cross_pref_flow_severed": 39733.0,
    "cross_pref_flow_retained": 0.0,
    "within_district_retention": 642680.5,
    "future": {
      "S1": {
        "2025": {
          "max_rel_dev": 0.1665872766677643,
          "district_pops": [
            386759.0,
            497873.0,
            470689.0,
            380545.0,
            362754.0,
            478329.0,
            469333.0,
            439314.0,
            431774.0
          ]
        },
        "2030": {
          "max_rel_dev": 0.1705179070180668,
          "district_pops": [
            363771.0,
            496554.0,
            456362.0,
            378912.0,
            352191.0,
            468058.0,
            452715.0,
            425898.0,
            426862.0
          ]
        },
        "2035": {
          "max_rel_dev": 0.1934675372876673,
          "district_pops": [
            340535.0,
            491627.99999999994,
            438889.0,
            375624.0,
            339850.0,
            455977.0000000001,
            434921.0,
            410286.0,
            419682.0
          ]
        },
        "2040": {
          "max_rel_dev": 0.21682561589798022,
          "district_pops": [
            317096.0,
            483540.0,
            419553.0,
            369744.0,
            326294.0,
            441609.00000000006,
            415807.0,
            392725.0,
            410035.99999999994
          ]
        },
        "2045": {
          "max_rel_dev": 0.23924894373622863,
          "district_pops": [
            293940.0,
            473369.0,
            399773.0,
            362666.0,
            312483.0,
            426655.0,
            395687.0,
            374852.0,
            398400.00000000006
          ]
        },
        "2050": {
          "max_rel_dev": 0.2605695584348813,
          "district_pops": [
            271657.0,
            462036.0,
            380431.0,
            354519.0,
            298881.0,
            412844.0,
            375057.0,
            357643.0,
            385698.00000000006
          ]
        }
      },
      "S2": {
        "2025": {
          "max_rel_dev": 0.1665872766677643,
          "district_pops": [
            386759.0,
            497873.0,
            470689.0,
            380545.0,
            362754.0,
            478329.0,
            469333.0,
            439314.0,
            431774.0
          ]
        },
        "2030": {
          "max_rel_dev": 0.1705179070180668,
          "district_pops": [
            363771.0,
            496554.0,
            456362.0,
            378912.0,
            352191.0,
            468058.0,
            452715.0,
            425898.0,
            426862.0
          ]
        },
        "2035": {
          "max_rel_dev": 0.1934675372876673,
          "district_pops": [
            340535.0,
            491627.99999999994,
            438889.0,
            375624.0,
            339850.0,
            455977.0000000001,
            434921.0,
            410286.0,
            419682.0
          ]
        },
        "2040": {
          "max_rel_dev": 0.21682561589798022,
          "district_pops": [
            317096.0,
            483540.0,
            419553.0,
            369744.0,
            326294.0,
            441609.00000000006,
            415807.0,
            392725.0,
            410035.99999999994
          ]
        },
        "2045": {
          "max_rel_dev": 0.23924894373622863,
          "district_pops": [
            293940.0,
            473369.0,
            399773.0,
            362666.0,
            312483.0,
            426655.0,
            395687.0,
            374852.0,
            398400.00000000006
          ]
        },
        "2050": {
          "max_rel_dev": 0.2605695584348813,
          "district_pops": [
            271657.0,
            462036.0,
            380431.0,
            354519.0,
            298881.0,
            412844.0,
            375057.0,
            357643.0,
            385698.00000000006
          ]
        }
      }
    },
    "durability": {
      "S1": 2040,
      "S2": 2040
    },
    "district_pops": [
      409836.0,
      493853.0,
      480675.0,
      379074.0,
      373690.0,
      485251.0,
      486329.0,
      449561.0,
      433428.0
    ],
    "polsby_popper": [
      0.011690560105553872,
      0.08224239565304667,
      0.03604404241038706,
      0.014989844616471322,
      0.0334229267913881,
      0.02832595592675823,
      0.027632607245047004,
      0.02125952668656421,
      0.03296165011398552
    ]
  }
}
{
  "model": "M4",
  "boundary_on": true,
  "tau": 0.2,
  "seed": 11,
  "status": "FEASIBLE",
  "runtime_sec": 300.0448069572449,
  "objective": 2168621.0,
  "bound": 1013005.0,
  "gap": 0.5328805724928423,
  "metrics": {
    "label": "A_M4_on",
    "max_min_ratio": 1.3138311735419057,
    "max_rel_dev": 0.16085088622708588,
    "mean_abs_dev": 0.0824203618438752,
    "rms_dev": 0.09421930905113261,
    "contiguity_violations": [],
    "contiguous": true,
    "polsby_popper_mean": 0.03324447705769508,
    "polsby_popper_min": 0.011690560105553872,
    "total_boundary_m": 5355039.863057774,
    "n_split_munis": 0,
    "split_munis": [],
    "split_pop_min_fragment": 0.0,
    "severed_flow_total": 243932.5,
    "severed_fraction": 0.2733535416923473,
    "total_od_flow_within_region": 892370.0,
    "cross_pref_flow": 39733.0,
    "cross_pref_flow_severed": 39733.0,
    "cross_pref_flow_retained": 0.0,
    "within_district_retention": 648437.5,
    "future": {
      "S1": {
        "2025": {
          "max_rel_dev": 0.15707119827843674,
          "district_pops": [
            459286.0,
            366896.0,
            446292.0,
            386759.0,
            478329.0,
            380828.0,
            469333.0,
            435062.0,
            494585.0
          ]
        },
        "2030": {
          "max_rel_dev": 0.16522837771107035,
          "district_pops": [
            442285.0,
            357809.0,
            440335.0,
            363771.0,
            468058.0,
            372934.0,
            452715.0,
            428670.0,
            494746.0
          ]
        },
        "2035": {
          "max_rel_dev": 0.19325148244372325,
          "district_pops": [
            423191.0,
            345920.0,
            432419.0,
            340535.0,
            455977.0000000001,
            363119.0,
            434921.0,
            419771.0,
            491539.0
          ]
        },
        "2040": {
          "max_rel_dev": 0.21978752959676773,
          "district_pops": [
            402346.0,
            332338.0,
            421888.0,
            317096.0,
            441609.00000000006,
            351744.0,
            415807.0,
            408859.0,
            484716.9999999999
          ]
        },
        "2045": {
          "max_rel_dev": 0.24422825478318422,
          "district_pops": [
            381038.0,
            318107.0,
            410828.0,
            293940.0,
            426655.0,
            339801.0,
            395687.0,
            396498.0,
            475271.00000000006
          ]
        },
        "2050": {
          "max_rel_dev": 0.26746395470306195,
          "district_pops": [
            360355.0,
            304002.0,
            399414.0,
            271657.0,
            412844.0,
            327703.0,
            375057.0,
            383171.0,
            464563.0000000001
          ]
        }
      },
      "S2": {
        "2025": {
          "max_rel_dev": 0.15707119827843674,
          "district_pops": [
            459286.0,
            366896.0,
            446292.0,
            386759.0,
            478329.0,
            380828.0,
            469333.0,
            435062.0,
            494585.0
          ]
        },
        "2030": {
          "max_rel_dev": 0.16522837771107035,
          "district_pops": [
            442285.0,
            357809.0,
            440335.0,
            363771.0,
            468058.0,
            372934.0,
            452715.0,
            428670.0,
            494746.0
          ]
        },
        "2035": {
          "max_rel_dev": 0.19325148244372325,
          "district_pops": [
            423191.0,
            345920.0,
            432419.0,
            340535.0,
            455977.0000000001,
            363119.0,
            434921.0,
            419771.0,
            491539.0
          ]
        },
        "2040": {
          "max_rel_dev": 0.21978752959676773,
          "district_pops": [
            402346.0,
            332338.0,
            421888.0,
            317096.0,
            441609.00000000006,
            351744.0,
            415807.0,
            408859.0,
            484716.9999999999
          ]
        },
        "2045": {
          "max_rel_dev": 0.24422825478318422,
          "district_pops": [
            381038.0,
            318107.0,
            410828.0,
            293940.0,
            426655.0,
            339801.0,
            395687.0,
            396498.0,
            475271.00000000006
          ]
        },
        "2050": {
          "max_rel_dev": 0.26746395470306195,
          "district_pops": [
            360355.0,
            304002.0,
            399414.0,
            271657.0,
            412844.0,
            327703.0,
            375057.0,
            383171.0,
            464563.0000000001
          ]
        }
      }
    },
    "durability": {
      "S1": 2040,
      "S2": 2040
    },
    "district_pops": [
      472738.0,
      372181.0,
      448807.0,
      409836.0,
      485251.0,
      389274.0,
      486329.0,
      438298.0,
      488983.0
    ],
    "polsby_popper": [
      0.0272101069478747,
      0.03676228043976714,
      0.014332840197919097,
      0.011690560105553872,
      0.02832595592675823,
      0.054768375682260215,
      0.027632607245047004,
      0.05277836911189382,
      0.045699197862181656
    ]
  }
}
{
  "model": "M4",
  "boundary_on": false,
  "tau": 0.2,
  "seed": 11,
  "status": "UNKNOWN",
  "runtime_sec": 300.0352077484131,
  "objective": null,
  "bound": null,
  "gap": null
}
{
  "model": "M1",
  "boundary_on": true,
  "tau": 0.2,
  "seed": 23,
  "status": "UNKNOWN",
  "runtime_sec": 300.04098629951477,
  "objective": null,
  "bound": null,
  "gap": null
}
{
  "model": "M2",
  "boundary_on": true,
  "tau": 0.2,
  "seed": 23,
  "status": "FEASIBLE",
  "runtime_sec": 300.0469980239868,
  "objective": 1793321.0,
  "bound": 883334.0,
  "gap": 0.5074311849356585,
  "metrics": {
    "label": "A_M2_on",
    "max_min_ratio": 1.3138311735419057,
    "max_rel_dev": 0.16085088622708588,
    "mean_abs_dev": 0.0824203618438752,
    "rms_dev": 0.0942193090511326,
    "contiguity_violations": [],
    "contiguous": true,
    "polsby_popper_mean": 0.03324447705769508,
    "polsby_popper_min": 0.011690560105553872,
    "total_boundary_m": 5355039.863057774,
    "n_split_munis": 0,
    "split_munis": [],
    "split_pop_min_fragment": 0.0,
    "severed_flow_total": 243932.5,
    "severed_fraction": 0.2733535416923473,
    "total_od_flow_within_region": 892370.0,
    "cross_pref_flow": 39733.0,
    "cross_pref_flow_severed": 39733.0,
    "cross_pref_flow_retained": 0.0,
    "within_district_retention": 648437.5,
    "future": {
      "S1": {
        "2025": {
          "max_rel_dev": 0.15707119827843674,
          "district_pops": [
            386759.0,
            459286.0,
            366896.0,
            446292.0,
            380828.0,
            478329.0,
            469333.0,
            435062.0,
            494585.0
          ]
        },
        "2030": {
          "max_rel_dev": 0.16522837771107035,
          "district_pops": [
            363771.0,
            442285.0,
            357809.0,
            440335.0,
            372934.0,
            468058.0,
            452715.0,
            428670.0,
            494746.0
          ]
        },
        "2035": {
          "max_rel_dev": 0.19325148244372325,
          "district_pops": [
            340535.0,
            423191.0,
            345920.0,
            432419.0,
            363119.0,
            455977.0000000001,
            434921.0,
            419771.0,
            491539.0
          ]
        },
        "2040": {
          "max_rel_dev": 0.21978752959676773,
          "district_pops": [
            317096.0,
            402346.0,
            332338.0,
            421888.0,
            351744.0,
            441609.00000000006,
            415807.0,
            408859.0,
            484716.9999999999
          ]
        },
        "2045": {
          "max_rel_dev": 0.24422825478318422,
          "district_pops": [
            293940.0,
            381038.0,
            318107.0,
            410828.0,
            339801.0,
            426655.0,
            395687.0,
            396498.0,
            475271.00000000006
          ]
        },
        "2050": {
          "max_rel_dev": 0.26746395470306195,
          "district_pops": [
            271657.0,
            360355.0,
            304002.0,
            399414.0,
            327703.0,
            412844.0,
            375057.0,
            383171.0,
            464563.0000000001
          ]
        }
      },
      "S2": {
        "2025": {
          "max_rel_dev": 0.15707119827843674,
          "district_pops": [
            386759.0,
            459286.0,
            366896.0,
            446292.0,
            380828.0,
            478329.0,
            469333.0,
            435062.0,
            494585.0
          ]
        },
        "2030": {
          "max_rel_dev": 0.16522837771107035,
          "district_pops": [
            363771.0,
            442285.0,
            357809.0,
            440335.0,
            372934.0,
            468058.0,
            452715.0,
            428670.0,
            494746.0
          ]
        },
        "2035": {
          "max_rel_dev": 0.19325148244372325,
          "district_pops": [
            340535.0,
            423191.0,
            345920.0,
            432419.0,
            363119.0,
            455977.0000000001,
            434921.0,
            419771.0,
            491539.0
          ]
        },
        "2040": {
          "max_rel_dev": 0.21978752959676773,
          "district_pops": [
            317096.0,
            402346.0,
            332338.0,
            421888.0,
            351744.0,
            441609.00000000006,
            415807.0,
            408859.0,
            484716.9999999999
          ]
        },
        "2045": {
          "max_rel_dev": 0.24422825478318422,
          "district_pops": [
            293940.0,
            381038.0,
            318107.0,
            410828.0,
            339801.0,
            426655.0,
            395687.0,
            396498.0,
            475271.00000000006
          ]
        },
        "2050": {
          "max_rel_dev": 0.26746395470306195,
          "district_pops": [
            271657.0,
            360355.0,
            304002.0,
            399414.0,
            327703.0,
            412844.0,
            375057.0,
            383171.0,
            464563.0000000001
          ]
        }
      }
    },
    "durability": {
      "S1": 2040,
      "S2": 2040
    },
    "district_pops": [
      409836.0,
      472738.0,
      372181.0,
      448807.0,
      389274.0,
      485251.0,
      486329.0,
      438298.0,
      488983.0
    ],
    "polsby_popper": [
      0.011690560105553872,
      0.0272101069478747,
      0.03676228043976714,
      0.014332840197919097,
      0.054768375682260215,
      0.02832595592675823,
      0.027632607245047004,
      0.05277836911189382,
      0.045699197862181656
    ]
  }
}
{
  "model": "M3",
  "boundary_on": false,
  "tau": 0.2,
  "seed": 23,
  "status": "UNKNOWN",
  "runtime_sec": 300.0469672679901,
  "objective": null,
  "bound": null,
  "gap": null
}
{
  "model": "M4",
  "boundary_on": true,
  "tau": 0.2,
  "seed": 23,
  "status": "UNKNOWN",
  "runtime_sec": 300.04818081855774,
  "objective": null,
  "bound": null,
  "gap": null
}
{
  "model": "M4",
  "boundary_on": false,
  "tau": 0.2,
  "seed": 23,
  "status": "UNKNOWN",
  "runtime_sec": 300.12079548835754,
  "objective": null,
  "bound": null,
  "gap": null
}
{
  "model": "M1",
  "boundary_on": true,
  "tau": 0.2,
  "seed": 37,
  "status": "UNKNOWN",
  "runtime_sec": 300.03527188301086,
  "objective": null,
  "bound": null,
  "gap": null
}
{
  "model": "M2",
  "boundary_on": true,
  "tau": 0.2,
  "seed": 37,
  "status": "UNKNOWN",
  "runtime_sec": 300.04330825805664,
  "objective": null,
  "bound": null,
  "gap": null
}
{
  "model": "M3",
  "boundary_on": false,
  "tau": 0.2,
  "seed": 37,
  "status": "UNKNOWN",
  "runtime_sec": 300.0467948913574,
  "objective": null,
  "bound": null,
  "gap": null
}
{
  "model": "M4",
  "boundary_on": true,
  "tau": 0.2,
  "seed": 37,
  "status": "UNKNOWN",
  "runtime_sec": 300.0315225124359,
  "objective": null,
  "bound": null,
  "gap": null
}
{
  "model": "M4",
  "boundary_on": false,
  "tau": 0.2,
  "seed": 37,
  "status": "FEASIBLE",
  "runtime_sec": 300.0237810611725,
  "objective": 2248844.0,
  "bound": 1339121.0,
  "gap": 0.404529171432078,
  "metrics": {
    "label": "A_M4_off",
    "max_min_ratio": 1.19098120450228,
    "max_rel_dev": 0.09408579859643651,
    "mean_abs_dev": 0.06782951934700676,
    "rms_dev": 0.0715464069118973,
    "contiguity_violations": [],
    "contiguous": true,
    "polsby_popper_mean": 0.03364143147429866,
    "polsby_popper_min": 0.01024268771147962,
    "total_boundary_m": 5542601.326651281,
    "n_split_munis": 0,
    "split_munis": [],
    "split_pop_min_fragment": 0.0,
    "severed_flow_total": 258311.5,
    "severed_fraction": 0.28946681309322364,
    "total_od_flow_within_region": 892370.0,
    "cross_pref_flow": 39733.0,
    "cross_pref_flow_severed": 39713.5,
    "cross_pref_flow_retained": 19.5,
    "within_district_retention": 634058.5,
    "future": {
      "S1": {
        "2025": {
          "max_rel_dev": 0.09894163686350788,
          "district_pops": [
            418106.0,
            456438.0,
            470689.0,
            415806.0,
            396751.0,
            445424.00000000006,
            478329.0,
            404053.0,
            431774.0
          ]
        },
        "2030": {
          "max_rel_dev": 0.10237265994002609,
          "district_pops": [
            418460.0,
            429618.0,
            456362.0,
            412944.0,
            386550.0,
            430603.0,
            468058.0,
            391866.0,
            426862.0
          ]
        },
        "2035": {
          "max_rel_dev": 0.1069217930016575,
          "district_pops": [
            415645.0,
            402815.0,
            438889.0,
            408265.0,
            374922.0,
            413552.0,
            455977.0000000001,
            377645.0,
            419682.0
          ]
        },
        "2040": {
          "max_rel_dev": 0.1113064966933266,
          "district_pops": [
            409887.0,
            375979.0,
            419553.0,
            400970.0,
            361907.0,
            394964.0,
            441609.00000000006,
            361499.0,
            410035.99999999994
          ]
        },
        "2045": {
          "max_rel_dev": 0.11695476064081212,
          "district_pops": [
            402049.0,
            349389.0,
            399773.0,
            392700.0,
            347961.0,
            376080.0,
            426655.0,
            344818.0,
            398400.00000000006
          ]
        },
        "2050": {
          "max_rel_dev": 0.12635937195909008,
          "district_pops": [
            393041.0,
            323433.0,
            380431.0,
            383489.0,
            333508.0,
            357649.0,
            412844.0,
            328673.0,
            385698.00000000006
          ]
        }
      },
      "S2": {
        "2025": {
          "max_rel_dev": 0.09894163686350788,
          "district_pops": [
            418106.0,
            456438.0,
            470689.0,
            415806.0,
            396751.0,
            445424.00000000006,
            478329.0,
            404053.0,
            431774.0
          ]
        },
        "2030": {
          "max_rel_dev": 0.10237265994002609,
          "district_pops": [
            418460.0,
            429618.0,
            456362.0,
            412944.0,
            386550.0,
            430603.0,
            468058.0,
            391866.0,
            426862.0
          ]
        },
        "2035": {
          "max_rel_dev": 0.1069217930016575,
          "district_pops": [
            415645.0,
            402815.0,
            438889.0,
            408265.0,
            374922.0,
            413552.0,
            455977.0000000001,
            377645.0,
            419682.0
          ]
        },
        "2040": {
          "max_rel_dev": 0.1113064966933266,
          "district_pops": [
            409887.0,
            375979.0,
            419553.0,
            400970.0,
            361907.0,
            394964.0,
            441609.00000000006,
            361499.0,
            410035.99999999994
          ]
        },
        "2045": {
          "max_rel_dev": 0.11695476064081212,
          "district_pops": [
            402049.0,
            349389.0,
            399773.0,
            392700.0,
            347961.0,
            376080.0,
            426655.0,
            344818.0,
            398400.00000000006
          ]
        },
        "2050": {
          "max_rel_dev": 0.12635937195909008,
          "district_pops": [
            393041.0,
            323433.0,
            380431.0,
            383489.0,
            333508.0,
            357649.0,
            412844.0,
            328673.0,
            385698.00000000006
          ]
        }
      }
    },
    "durability": {
      "S1": "beyond 2050",
      "S2": "beyond 2050"
    },
    "district_pops": [
      412731.0,
      483675.0,
      480675.0,
      415676.0,
      407438.0,
      459864.0,
      485251.0,
      412959.0,
      433428.0
    ],
    "polsby_popper": [
      0.08676322212320808,
      0.01024268771147962,
      0.03604404241038706,
      0.012813380816635894,
      0.03932745196510618,
      0.03217074625307891,
      0.02832595592675823,
      0.024123745948048433,
      0.03296165011398552
    ]
  }
}
{
  "model": "M1",
  "boundary_on": true,
  "tau": 0.2,
  "seed": 41,
  "status": "FEASIBLE",
  "runtime_sec": 300.02915835380554,
  "objective": 1793321.0,
  "bound": 869276.0,
  "gap": 0.5152702723048467,
  "metrics": {
    "label": "A_M1_on",
    "max_min_ratio": 1.3138311735419057,
    "max_rel_dev": 0.16085088622708588,
    "mean_abs_dev": 0.0824203618438752,
    "rms_dev": 0.0942193090511326,
    "contiguity_violations": [],
    "contiguous": true,
    "polsby_popper_mean": 0.03324447705769508,
    "polsby_popper_min": 0.011690560105553872,
    "total_boundary_m": 5355039.8630577745,
    "n_split_munis": 0,
    "split_munis": [],
    "split_pop_min_fragment": 0.0,
    "severed_flow_total": 243932.5,
    "severed_fraction": 0.2733535416923473,
    "total_od_flow_within_region": 892370.0,
    "cross_pref_flow": 39733.0,
    "cross_pref_flow_severed": 39733.0,
    "cross_pref_flow_retained": 0.0,
    "within_district_retention": 648437.5,
    "future": {
      "S1": {
        "2025": {
          "max_rel_dev": 0.15707119827843674,
          "district_pops": [
            366896.0,
            380828.0,
            478329.0,
            459286.0,
            446292.0,
            386759.0,
            469333.0,
            435062.0,
            494585.0
          ]
        },
        "2030": {
          "max_rel_dev": 0.16522837771107035,
          "district_pops": [
            357809.0,
            372934.0,
            468058.0,
            442285.0,
            440335.0,
            363771.0,
            452715.0,
            428670.0,
            494746.0
          ]
        },
        "2035": {
          "max_rel_dev": 0.19325148244372325,
          "district_pops": [
            345920.0,
            363119.0,
            455977.0000000001,
            423191.0,
            432419.0,
            340535.0,
            434921.0,
            419771.0,
            491539.0
          ]
        },
        "2040": {
          "max_rel_dev": 0.21978752959676773,
          "district_pops": [
            332338.0,
            351744.0,
            441609.00000000006,
            402346.0,
            421888.0,
            317096.0,
            415807.0,
            408859.0,
            484716.9999999999
          ]
        },
        "2045": {
          "max_rel_dev": 0.24422825478318422,
          "district_pops": [
            318107.0,
            339801.0,
            426655.0,
            381038.0,
            410828.0,
            293940.0,
            395687.0,
            396498.0,
            475271.00000000006
          ]
        },
        "2050": {
          "max_rel_dev": 0.26746395470306195,
          "district_pops": [
            304002.0,
            327703.0,
            412844.0,
            360355.0,
            399414.0,
            271657.0,
            375057.0,
            383171.0,
            464563.0000000001
          ]
        }
      },
      "S2": {
        "2025": {
          "max_rel_dev": 0.15707119827843674,
          "district_pops": [
            366896.0,
            380828.0,
            478329.0,
            459286.0,
            446292.0,
            386759.0,
            469333.0,
            435062.0,
            494585.0
          ]
        },
        "2030": {
          "max_rel_dev": 0.16522837771107035,
          "district_pops": [
            357809.0,
            372934.0,
            468058.0,
            442285.0,
            440335.0,
            363771.0,
            452715.0,
            428670.0,
            494746.0
          ]
        },
        "2035": {
          "max_rel_dev": 0.19325148244372325,
          "district_pops": [
            345920.0,
            363119.0,
            455977.0000000001,
            423191.0,
            432419.0,
            340535.0,
            434921.0,
            419771.0,
            491539.0
          ]
        },
        "2040": {
          "max_rel_dev": 0.21978752959676773,
          "district_pops": [
            332338.0,
            351744.0,
            441609.00000000006,
            402346.0,
            421888.0,
            317096.0,
            415807.0,
            408859.0,
            484716.9999999999
          ]
        },
        "2045": {
          "max_rel_dev": 0.24422825478318422,
          "district_pops": [
            318107.0,
            339801.0,
            426655.0,
            381038.0,
            410828.0,
            293940.0,
            395687.0,
            396498.0,
            475271.00000000006
          ]
        },
        "2050": {
          "max_rel_dev": 0.26746395470306195,
          "district_pops": [
            304002.0,
            327703.0,
            412844.0,
            360355.0,
            399414.0,
            271657.0,
            375057.0,
            383171.0,
            464563.0000000001
          ]
        }
      }
    },
    "durability": {
      "S1": 2040,
      "S2": 2040
    },
    "district_pops": [
      372181.0,
      389274.0,
      485251.0,
      472738.0,
      448807.0,
      409836.0,
      486329.0,
      438298.0,
      488983.0
    ],
    "polsby_popper": [
      0.03676228043976714,
      0.054768375682260215,
      0.02832595592675823,
      0.0272101069478747,
      0.014332840197919097,
      0.011690560105553872,
      0.027632607245047004,
      0.05277836911189382,
      0.045699197862181656
    ]
  }
}
{
  "model": "M2",
  "boundary_on": true,
  "tau": 0.2,
  "seed": 41,
  "status": "FEASIBLE",
  "runtime_sec": 300.0433614253998,
  "objective": 1793321.0,
  "bound": 900019.0,
  "gap": 0.4981272176035411,
  "metrics": {
    "label": "A_M2_on",
    "max_min_ratio": 1.3138311735419057,
    "max_rel_dev": 0.16085088622708588,
    "mean_abs_dev": 0.0824203618438752,
    "rms_dev": 0.09421930905113261,
    "contiguity_violations": [],
    "contiguous": true,
    "polsby_popper_mean": 0.03324447705769508,
    "polsby_popper_min": 0.011690560105553872,
    "total_boundary_m": 5355039.8630577745,
    "n_split_munis": 0,
    "split_munis": [],
    "split_pop_min_fragment": 0.0,
    "severed_flow_total": 243932.5,
    "severed_fraction": 0.2733535416923473,
    "total_od_flow_within_region": 892370.0,
    "cross_pref_flow": 39733.0,
    "cross_pref_flow_severed": 39733.0,
    "cross_pref_flow_retained": 0.0,
    "within_district_retention": 648437.5,
    "future": {
      "S1": {
        "2025": {
          "max_rel_dev": 0.15707119827843674,
          "district_pops": [
            459286.0,
            380828.0,
            386759.0,
            478329.0,
            446292.0,
            366896.0,
            469333.0,
            435062.0,
            494585.0
          ]
        },
        "2030": {
          "max_rel_dev": 0.16522837771107035,
          "district_pops": [
            442285.0,
            372934.0,
            363771.0,
            468058.0,
            440335.0,
            357809.0,
            452715.0,
            428670.0,
            494746.0
          ]
        },
        "2035": {
          "max_rel_dev": 0.19325148244372325,
          "district_pops": [
            423191.0,
            363119.0,
            340535.0,
            455977.0000000001,
            432419.0,
            345920.0,
            434921.0,
            419771.0,
            491539.0
          ]
        },
        "2040": {
          "max_rel_dev": 0.21978752959676773,
          "district_pops": [
            402346.0,
            351744.0,
            317096.0,
            441609.00000000006,
            421888.0,
            332338.0,
            415807.0,
            408859.0,
            484716.9999999999
          ]
        },
        "2045": {
          "max_rel_dev": 0.24422825478318422,
          "district_pops": [
            381038.0,
            339801.0,
            293940.0,
            426655.0,
            410828.0,
            318107.0,
            395687.0,
            396498.0,
            475271.00000000006
          ]
        },
        "2050": {
          "max_rel_dev": 0.26746395470306195,
          "district_pops": [
            360355.0,
            327703.0,
            271657.0,
            412844.0,
            399414.0,
            304002.0,
            375057.0,
            383171.0,
            464563.0000000001
          ]
        }
      },
      "S2": {
        "2025": {
          "max_rel_dev": 0.15707119827843674,
          "district_pops": [
            459286.0,
            380828.0,
            386759.0,
            478329.0,
            446292.0,
            366896.0,
            469333.0,
            435062.0,
            494585.0
          ]
        },
        "2030": {
          "max_rel_dev": 0.16522837771107035,
          "district_pops": [
            442285.0,
            372934.0,
            363771.0,
            468058.0,
            440335.0,
            357809.0,
            452715.0,
            428670.0,
            494746.0
          ]
        },
        "2035": {
          "max_rel_dev": 0.19325148244372325,
          "district_pops": [
            423191.0,
            363119.0,
            340535.0,
            455977.0000000001,
            432419.0,
            345920.0,
            434921.0,
            419771.0,
            491539.0
          ]
        },
        "2040": {
          "max_rel_dev": 0.21978752959676773,
          "district_pops": [
            402346.0,
            351744.0,
            317096.0,
            441609.00000000006,
            421888.0,
            332338.0,
            415807.0,
            408859.0,
            484716.9999999999
          ]
        },
        "2045": {
          "max_rel_dev": 0.24422825478318422,
          "district_pops": [
            381038.0,
            339801.0,
            293940.0,
            426655.0,
            410828.0,
            318107.0,
            395687.0,
            396498.0,
            475271.00000000006
          ]
        },
        "2050": {
          "max_rel_dev": 0.26746395470306195,
          "district_pops": [
            360355.0,
            327703.0,
            271657.0,
            412844.0,
            399414.0,
            304002.0,
            375057.0,
            383171.0,
            464563.0000000001
          ]
        }
      }
    },
    "durability": {
      "S1": 2040,
      "S2": 2040
    },
    "district_pops": [
      472738.0,
      389274.0,
      409836.0,
      485251.0,
      448807.0,
      372181.0,
      486329.0,
      438298.0,
      488983.0
    ],
    "polsby_popper": [
      0.0272101069478747,
      0.054768375682260215,
      0.011690560105553872,
      0.02832595592675823,
      0.014332840197919097,
      0.03676228043976714,
      0.027632607245047004,
      0.05277836911189382,
      0.045699197862181656
    ]
  }
}
{
  "model": "M3",
  "boundary_on": false,
  "tau": 0.2,
  "seed": 41,
  "status": "UNKNOWN",
  "runtime_sec": 300.0233826637268,
  "objective": null,
  "bound": null,
  "gap": null
}
{
  "model": "M4",
  "boundary_on": true,
  "tau": 0.2,
  "seed": 41,
  "status": "FEASIBLE",
  "runtime_sec": 300.02448749542236,
  "objective": 2168621.0,
  "bound": 990673.0,
  "gap": 0.5431783608108564,
  "metrics": {
    "label": "A_M4_on",
    "max_min_ratio": 1.3138311735419057,
    "max_rel_dev": 0.16085088622708588,
    "mean_abs_dev": 0.0824203618438752,
    "rms_dev": 0.09421930905113261,
    "contiguity_violations": [],
    "contiguous": true,
    "polsby_popper_mean": 0.03324447705769508,
    "polsby_popper_min": 0.011690560105553872,
    "total_boundary_m": 5355039.8630577745,
    "n_split_munis": 0,
    "split_munis": [],
    "split_pop_min_fragment": 0.0,
    "severed_flow_total": 243932.5,
    "severed_fraction": 0.2733535416923473,
    "total_od_flow_within_region": 892370.0,
    "cross_pref_flow": 39733.0,
    "cross_pref_flow_severed": 39733.0,
    "cross_pref_flow_retained": 0.0,
    "within_district_retention": 648437.5,
    "future": {
      "S1": {
        "2025": {
          "max_rel_dev": 0.15707119827843674,
          "district_pops": [
            459286.0,
            380828.0,
            386759.0,
            478329.0,
            446292.0,
            366896.0,
            469333.0,
            435062.0,
            494585.0
          ]
        },
        "2030": {
          "max_rel_dev": 0.16522837771107035,
          "district_pops": [
            442285.0,
            372934.0,
            363771.0,
            468058.0,
            440335.0,
            357809.0,
            452715.0,
            428670.0,
            494746.0
          ]
        },
        "2035": {
          "max_rel_dev": 0.19325148244372325,
          "district_pops": [
            423191.0,
            363119.0,
            340535.0,
            455977.0000000001,
            432419.0,
            345920.0,
            434921.0,
            419771.0,
            491539.0
          ]
        },
        "2040": {
          "max_rel_dev": 0.21978752959676773,
          "district_pops": [
            402346.0,
            351744.0,
            317096.0,
            441609.00000000006,
            421888.0,
            332338.0,
            415807.0,
            408859.0,
            484716.9999999999
          ]
        },
        "2045": {
          "max_rel_dev": 0.24422825478318422,
          "district_pops": [
            381038.0,
            339801.0,
            293940.0,
            426655.0,
            410828.0,
            318107.0,
            395687.0,
            396498.0,
            475271.00000000006
          ]
        },
        "2050": {
          "max_rel_dev": 0.26746395470306195,
          "district_pops": [
            360355.0,
            327703.0,
            271657.0,
            412844.0,
            399414.0,
            304002.0,
            375057.0,
            383171.0,
            464563.0000000001
          ]
        }
      },
      "S2": {
        "2025": {
          "max_rel_dev": 0.15707119827843674,
          "district_pops": [
            459286.0,
            380828.0,
            386759.0,
            478329.0,
            446292.0,
            366896.0,
            469333.0,
            435062.0,
            494585.0
          ]
        },
        "2030": {
          "max_rel_dev": 0.16522837771107035,
          "district_pops": [
            442285.0,
            372934.0,
            363771.0,
            468058.0,
            440335.0,
            357809.0,
            452715.0,
            428670.0,
            494746.0
          ]
        },
        "2035": {
          "max_rel_dev": 0.19325148244372325,
          "district_pops": [
            423191.0,
            363119.0,
            340535.0,
            455977.0000000001,
            432419.0,
            345920.0,
            434921.0,
            419771.0,
            491539.0
          ]
        },
        "2040": {
          "max_rel_dev": 0.21978752959676773,
          "district_pops": [
            402346.0,
            351744.0,
            317096.0,
            441609.00000000006,
            421888.0,
            332338.0,
            415807.0,
            408859.0,
            484716.9999999999
          ]
        },
        "2045": {
          "max_rel_dev": 0.24422825478318422,
          "district_pops": [
            381038.0,
            339801.0,
            293940.0,
            426655.0,
            410828.0,
            318107.0,
            395687.0,
            396498.0,
            475271.00000000006
          ]
        },
        "2050": {
          "max_rel_dev": 0.26746395470306195,
          "district_pops": [
            360355.0,
            327703.0,
            271657.0,
            412844.0,
            399414.0,
            304002.0,
            375057.0,
            383171.0,
            464563.0000000001
          ]
        }
      }
    },
    "durability": {
      "S1": 2040,
      "S2": 2040
    },
    "district_pops": [
      472738.0,
      389274.0,
      409836.0,
      485251.0,
      448807.0,
      372181.0,
      486329.0,
      438298.0,
      488983.0
    ],
    "polsby_popper": [
      0.0272101069478747,
      0.054768375682260215,
      0.011690560105553872,
      0.02832595592675823,
      0.014332840197919097,
      0.03676228043976714,
      0.027632607245047004,
      0.05277836911189382,
      0.045699197862181656
    ]
  }
}
{
  "model": "M4",
  "boundary_on": false,
  "tau": 0.2,
  "seed": 41,
  "status": "UNKNOWN",
  "runtime_sec": 300.0446197986603,
  "objective": null,
  "bound": null,
  "gap": null
}
{
  "model": "M2",
  "boundary_on": true,
  "tau": 0.1,
  "seed": 11,
  "status": "UNKNOWN",
  "runtime_sec": 300.0300359725952,
  "objective": null,
  "bound": null,
  "gap": null
}
{
  "model": "M3",
  "boundary_on": false,
  "tau": 0.1,
  "seed": 11,
  "status": "UNKNOWN",
  "runtime_sec": 300.04718542099,
  "objective": null,
  "bound": null,
  "gap": null
}
{
  "model": "M2",
  "boundary_on": true,
  "tau": 0.15,
  "seed": 11,
  "status": "FEASIBLE",
  "runtime_sec": 300.0354959964752,
  "objective": 1804507.0,
  "bound": 948793.0,
  "gap": 0.4742092992712137,
  "metrics": {
    "label": "A_M2_on",
    "max_min_ratio": 1.2621163510405724,
    "max_rel_dev": 0.1264670139041114,
    "mean_abs_dev": 0.07477950132765866,
    "rms_dev": 0.08606761927844671,
    "contiguity_violations": [],
    "contiguous": true,
    "polsby_popper_mean": 0.03276671039645053,
    "polsby_popper_min": 0.011690560105553872,
    "total_boundary_m": 5376823.9245164,
    "n_split_munis": 0,
    "split_munis": [],
    "split_pop_min_fragment": 0.0,
    "severed_flow_total": 245181.0,
    "severed_fraction": 0.2747526250322176,
    "total_od_flow_within_region": 892370.0,
    "cross_pref_flow": 39733.0,
    "cross_pref_flow_severed": 39733.0,
    "cross_pref_flow_retained": 0.0,
    "within_district_retention": 647189.0,
    "future": {
      "S1": {
        "2025": {
          "max_rel_dev": 0.13628914297092187,
          "district_pops": [
            478329.0,
            381353.0,
            446292.0,
            386759.0,
            380828.0,
            444829.0,
            469333.0,
            435062.0,
            494585.0
          ]
        },
        "2030": {
          "max_rel_dev": 0.16522837771107035,
          "district_pops": [
            468058.0,
            371399.0,
            440335.0,
            363771.0,
            372934.0,
            428695.0,
            452715.0,
            428670.0,
            494746.0
          ]
        },
        "2035": {
          "max_rel_dev": 0.19325148244372325,
          "district_pops": [
            455977.0000000001,
            358604.0,
            432419.0,
            340535.0,
            363119.0,
            410507.0,
            434921.0,
            419771.0,
            491539.0
          ]
        },
        "2040": {
          "max_rel_dev": 0.21978752959676773,
          "district_pops": [
            441609.00000000006,
            344092.0,
            421888.0,
            317096.0,
            351744.0,
            390592.0,
            415807.0,
            408859.0,
            484716.9999999999
          ]
        },
        "2045": {
          "max_rel_dev": 0.24422825478318422,
          "district_pops": [
            426655.0,
            328944.0,
            410828.0,
            293940.0,
            339801.0,
            370201.0,
            395687.0,
            396498.0,
            475271.00000000006
          ]
        },
        "2050": {
          "max_rel_dev": 0.26746395470306195,
          "district_pops": [
            412844.0,
            313998.0,
            399414.0,
            271657.0,
            327703.0,
            350359.0,
            375057.0,
            383171.0,
            464563.0000000001
          ]
        }
      },
      "S2": {
        "2025": {
          "max_rel_dev": 0.13628914297092187,
          "district_pops": [
            478329.0,
            381353.0,
            446292.0,
            386759.0,
            380828.0,
            444829.0,
            469333.0,
            435062.0,
            494585.0
          ]
        },
        "2030": {
          "max_rel_dev": 0.16522837771107035,
          "district_pops": [
            468058.0,
            371399.0,
            440335.0,
            363771.0,
            372934.0,
            428695.0,
            452715.0,
            428670.0,
            494746.0
          ]
        },
        "2035": {
          "max_rel_dev": 0.19325148244372325,
          "district_pops": [
            455977.0000000001,
            358604.0,
            432419.0,
            340535.0,
            363119.0,
            410507.0,
            434921.0,
            419771.0,
            491539.0
          ]
        },
        "2040": {
          "max_rel_dev": 0.21978752959676773,
          "district_pops": [
            441609.00000000006,
            344092.0,
            421888.0,
            317096.0,
            351744.0,
            390592.0,
            415807.0,
            408859.0,
            484716.9999999999
          ]
        },
        "2045": {
          "max_rel_dev": 0.24422825478318422,
          "district_pops": [
            426655.0,
            328944.0,
            410828.0,
            293940.0,
            339801.0,
            370201.0,
            395687.0,
            396498.0,
            475271.00000000006
          ]
        },
        "2050": {
          "max_rel_dev": 0.26746395470306195,
          "district_pops": [
            412844.0,
            313998.0,
            399414.0,
            271657.0,
            327703.0,
            350359.0,
            375057.0,
            383171.0,
            464563.0000000001
          ]
        }
      }
    },
    "durability": {
      "S1": 2040,
      "S2": 2040
    },
    "district_pops": [
      485251.0,
      387431.0,
      448807.0,
      409836.0,
      389274.0,
      457488.0,
      486329.0,
      438298.0,
      488983.0
    ],
    "polsby_popper": [
      0.02832595592675823,
      0.031148336347067672,
      0.014332840197919097,
      0.011690560105553872,
      0.054768375682260215,
      0.028524151089373166,
      0.027632607245047004,
      0.05277836911189382,
      0.045699197862181656
    ]
  }
}
{
  "model": "M3",
  "boundary_on": false,
  "tau": 0.15,
  "seed": 11,
  "status": "UNKNOWN",
  "runtime_sec": 300.0276827812195,
  "objective": null,
  "bound": null,
  "gap": null
}
{
  "model": "M2",
  "boundary_on": true,
  "tau": 0.3,
  "seed": 11,
  "status": "FEASIBLE",
  "runtime_sec": 300.0289216041565,
  "objective": 1761477.0,
  "bound": 839528.0,
  "gap": 0.5233954232726286,
  "metrics": {
    "label": "A_M2_on",
    "max_min_ratio": 1.6818873943549433,
    "max_rel_dev": 0.25766735300800647,
    "mean_abs_dev": 0.13585377625383668,
    "rms_dev": 0.1592893380478511,
    "contiguity_violations": [],
    "contiguous": true,
    "polsby_popper_mean": 0.0334672714419401,
    "polsby_popper_min": 0.011690560105553872,
    "total_boundary_m": 5267733.938904995,
    "n_split_munis": 0,
    "split_munis": [],
    "split_pop_min_fragment": 0.0,
    "severed_flow_total": 236282.5,
    "severed_fraction": 0.2647808644396383,
    "total_od_flow_within_region": 892370.0,
    "cross_pref_flow": 39733.0,
    "cross_pref_flow_severed": 39733.0,
    "cross_pref_flow_retained": 0.0,
    "within_district_retention": 656087.5,
    "future": {
      "S1": {
        "2025": {
          "max_rel_dev": 0.2967506260577888,
          "district_pops": [
            478329.0,
            446292.0,
            350713.0,
            397011.0,
            386759.0,
            459286.0,
            318215.0,
            516337.0,
            564428.0
          ]
        },
        "2030": {
          "max_rel_dev": 0.33066034983172066,
          "district_pops": [
            468058.0,
            440335.0,
            341772.0,
            388971.0,
            363771.0,
            442285.0,
            305895.0,
            505249.0,
            564987.0
          ]
        },
        "2035": {
          "max_rel_dev": 0.3636556371702804,
          "district_pops": [
            455977.0000000001,
            432419.0,
            330108.0,
            378931.0,
            340535.0,
            423191.0,
            292813.0,
            491684.0,
            561734.0
          ]
        },
        "2040": {
          "max_rel_dev": 0.39531551804550014,
          "district_pops": [
            441609.00000000006,
            421888.0,
            316790.0,
            367292.0,
            317096.0,
            402346.0,
            278963.0,
            475952.0,
            554467.9999999999
          ]
        },
        "2045": {
          "max_rel_dev": 0.42455942347268993,
          "district_pops": [
            426655.0,
            410828.0,
            302855.0,
            355053.0,
            293940.0,
            381038.0,
            264708.0,
            458594.0,
            544154.0
          ]
        },
        "2050": {
          "max_rel_dev": 0.4518829162177618,
          "district_pops": [
            412844.0,
            399414.0,
            289100.0,
            342605.0,
            271657.0,
            360355.0,
            250252.0,
            440381.0,
            532158.0000000001
          ]
        }
      },
      "S2": {
        "2025": {
          "max_rel_dev": 0.2967506260577888,
          "district_pops": [
            478329.0,
            446292.0,
            350713.0,
            397011.0,
            386759.0,
            459286.0,
            318215.0,
            516337.0,
            564428.0
          ]
        },
        "2030": {
          "max_rel_dev": 0.33066034983172066,
          "district_pops": [
            468058.0,
            440335.0,
            341772.0,
            388971.0,
            363771.0,
            442285.0,
            305895.0,
            505249.0,
            564987.0
          ]
        },
        "2035": {
          "max_rel_dev": 0.3636556371702804,
          "district_pops": [
            455977.0000000001,
            432419.0,
            330108.0,
            378931.0,
            340535.0,
            423191.0,
            292813.0,
            491684.0,
            561734.0
          ]
        },
        "2040": {
          "max_rel_dev": 0.39531551804550014,
          "district_pops": [
            441609.00000000006,
            421888.0,
            316790.0,
            367292.0,
            317096.0,
            402346.0,
            278963.0,
            475952.0,
            554467.9999999999
          ]
        },
        "2045": {
          "max_rel_dev": 0.42455942347268993,
          "district_pops": [
            426655.0,
            410828.0,
            302855.0,
            355053.0,
            293940.0,
            381038.0,
            264708.0,
            458594.0,
            544154.0
          ]
        },
        "2050": {
          "max_rel_dev": 0.4518829162177618,
          "district_pops": [
            412844.0,
            399414.0,
            289100.0,
            342605.0,
            271657.0,
            360355.0,
            250252.0,
            440381.0,
            532158.0000000001
          ]
        }
      }
    },
    "durability": {
      "S1": 2025,
      "S2": 2025
    },
    "district_pops": [
      485251.0,
      448807.0,
      356228.0,
      405227.0,
      409836.0,
      472738.0,
      331653.0,
      524154.0,
      557803.0
    ],
    "polsby_popper": [
      0.02832595592675823,
      0.014332840197919097,
      0.04037426556844018,
      0.04880105921233019,
      0.011690560105553872,
      0.0272101069478747,
      0.03644623588393269,
      0.04457976149633206,
      0.0494446576383199
    ]
  }
}
{
  "model": "M3",
  "boundary_on": false,
  "tau": 0.3,
  "seed": 11,
  "status": "FEASIBLE",
  "runtime_sec": 300.01564383506775,
  "objective": 1859128.0,
  "bound": 1243124.0,
  "gap": 0.33134028426229933,
  "metrics": {
    "label": "A_M3_off",
    "max_min_ratio": 1.5651837613497959,
    "max_rel_dev": 0.22273108404771214,
    "mean_abs_dev": 0.13277839252606377,
    "rms_dev": 0.14862605772567355,
    "contiguity_violations": [],
    "contiguous": true,
    "polsby_popper_mean": 0.03431491936346467,
    "polsby_popper_min": 0.011690560105553872,
    "total_boundary_m": 5361997.757604697,
    "n_split_munis": 0,
    "split_munis": [],
    "split_pop_min_fragment": 0.0,
    "severed_flow_total": 248087.5,
    "severed_fraction": 0.27800968208254423,
    "total_od_flow_within_region": 892370.0,
    "cross_pref_flow": 39733.0,
    "cross_pref_flow_severed": 39733.0,
    "cross_pref_flow_retained": 0.0,
    "within_district_retention": 644282.5,
    "future": {
      "S1": {
        "2025": {
          "max_rel_dev": 0.22791643372977277,
          "district_pops": [
            386759.0,
            380545.0,
            362754.0,
            353323.0,
            470689.0,
            478329.0,
            511190.0,
            439314.0,
            534467.0
          ]
        },
        "2030": {
          "max_rel_dev": 0.23229284726781807,
          "district_pops": [
            363771.0,
            378912.0,
            352191.0,
            355664.0,
            456362.0,
            468058.0,
            497246.0,
            425898.0,
            523221.0
          ]
        },
        "2035": {
          "max_rel_dev": 0.23736551192860111,
          "district_pops": [
            340535.0,
            375624.0,
            339850.0,
            355271.0,
            438889.0,
            455977.0000000001,
            481249.0,
            410286.0,
            509711.0
          ]
        },
        "2040": {
          "max_rel_dev": 0.24262219816329456,
          "district_pops": [
            317096.0,
            369744.0,
            326294.0,
            352324.0,
            419553.0,
            441609.00000000006,
            463268.0,
            392725.0,
            493790.99999999994
          ]
        },
        "2045": {
          "max_rel_dev": 0.2461288750881736,
          "district_pops": [
            293940.0,
            362666.0,
            312483.0,
            347518.0,
            399773.0,
            426655.0,
            443941.0,
            374852.0,
            475997.00000000006
          ]
        },
        "2050": {
          "max_rel_dev": 0.25884012385237387,
          "district_pops": [
            271657.0,
            354519.0,
            298881.0,
            341536.0,
            380431.0,
            412844.0,
            424096.0,
            357643.0,
            457159.00000000006
          ]
        }
      },
      "S2": {
        "2025": {
          "max_rel_dev": 0.22791643372977277,
          "district_pops": [
            386759.0,
            380545.0,
            362754.0,
            353323.0,
            470689.0,
            478329.0,
            511190.0,
            439314.0,
            534467.0
          ]
        },
        "2030": {
          "max_rel_dev": 0.23229284726781807,
          "district_pops": [
            363771.0,
            378912.0,
            352191.0,
            355664.0,
            456362.0,
            468058.0,
            497246.0,
            425898.0,
            523221.0
          ]
        },
        "2035": {
          "max_rel_dev": 0.23736551192860111,
          "district_pops": [
            340535.0,
            375624.0,
            339850.0,
            355271.0,
            438889.0,
            455977.0000000001,
            481249.0,
            410286.0,
            509711.0
          ]
        },
        "2040": {
          "max_rel_dev": 0.24262219816329456,
          "district_pops": [
            317096.0,
            369744.0,
            326294.0,
            352324.0,
            419553.0,
            441609.00000000006,
            463268.0,
            392725.0,
            493790.99999999994
          ]
        },
        "2045": {
          "max_rel_dev": 0.2461288750881736,
          "district_pops": [
            293940.0,
            362666.0,
            312483.0,
            347518.0,
            399773.0,
            426655.0,
            443941.0,
            374852.0,
            475997.00000000006
          ]
        },
        "2050": {
          "max_rel_dev": 0.25884012385237387,
          "district_pops": [
            271657.0,
            354519.0,
            298881.0,
            341536.0,
            380431.0,
            412844.0,
            424096.0,
            357643.0,
            457159.00000000006
          ]
        }
      }
    },
    "durability": {
      "S1": 2025,
      "S2": 2025
    },
    "district_pops": [
      409836.0,
      379074.0,
      373690.0,
      346482.0,
      480675.0,
      485251.0,
      524820.0,
      449561.0,
      542308.0
    ],
    "polsby_popper": [
      0.011690560105553872,
      0.014989844616471322,
      0.0334229267913881,
      0.09775115689693564,
      0.03604404241038706,
      0.02832595592675823,
      0.03981876448167403,
      0.02125952668656421,
      0.025531496355449546
    ]
  }
}
{
  "model": "M5",
  "boundary_on": true,
  "tau": 0.2,
  "seed": 11,
  "status": "OPTIMAL",
  "runtime_sec": 30.08371663093567,
  "objective": 307351.0,
  "bound": 307351.0,
  "gap": 0.0,
  "metrics": {
    "label": "A_M5_on",
    "max_min_ratio": 1.34615158629393,
    "max_rel_dev": 0.18809694222782936,
    "mean_abs_dev": 0.10949946017111685,
    "rms_dev": 0.11838866098272584,
    "contiguity_violations": [],
    "contiguous": true,
    "polsby_popper_mean": 0.029138767375820076,
    "polsby_popper_min": 0.011690560105553872,
    "total_boundary_m": 5633510.515392332,
    "n_split_munis": 0,
    "split_munis": [],
    "split_pop_min_fragment": 0.0,
    "severed_flow_total": 246478.5,
    "severed_fraction": 0.2762066183309614,
    "total_od_flow_within_region": 892370.0,
    "cross_pref_flow": 39733.0,
    "cross_pref_flow_severed": 39733.0,
    "cross_pref_flow_retained": 0.0,
    "within_district_retention": 645891.5,
    "future": {
      "S1": {
        "2025": {
          "max_rel_dev": 0.18414063517104595,
          "district_pops": [
            389899.0,
            505691.0,
            503390.0,
            411624.0,
            415274.0,
            390257.0,
            399063.0,
            386759.0,
            515413.0
          ]
        },
        "2030": {
          "max_rel_dev": 0.1782314659085349,
          "district_pops": [
            385429.0,
            490435.0,
            500267.0,
            407741.0,
            405979.0,
            378933.0,
            389666.0,
            363771.0,
            499102.0
          ]
        },
        "2035": {
          "max_rel_dev": 0.1985824536493579,
          "district_pops": [
            378918.0,
            473578.0,
            493735.0,
            402097.0,
            394828.0,
            365703.0,
            378574.0,
            340535.0,
            479424.0
          ]
        },
        "2040": {
          "max_rel_dev": 0.21797817025145916,
          "district_pops": [
            370164.99999999994,
            455220.0,
            483998.0,
            393863.0,
            381464.00000000006,
            350878.0,
            366016.0,
            317096.0,
            457704.0
          ]
        },
        "2045": {
          "max_rel_dev": 0.23561001505312218,
          "district_pops": [
            359666.00000000006,
            435811.0,
            471979.0,
            384281.0,
            368162.0,
            335482.0,
            353047.0,
            293940.0,
            435457.0
          ]
        },
        "2050": {
          "max_rel_dev": 0.25884012385237387,
          "district_pops": [
            348249.00000000006,
            415824.0,
            458718.0,
            373927.0,
            356010.0,
            320406.0,
            340280.0,
            271657.0,
            413695.0
          ]
        }
      },
      "S2": {
        "2025": {
          "max_rel_dev": 0.18414063517104595,
          "district_pops": [
            389899.0,
            505691.0,
            503390.0,
            411624.0,
            415274.0,
            390257.0,
            399063.0,
            386759.0,
            515413.0
          ]
        },
        "2030": {
          "max_rel_dev": 0.1782314659085349,
          "district_pops": [
            385429.0,
            490435.0,
            500267.0,
            407741.0,
            405979.0,
            378933.0,
            389666.0,
            363771.0,
            499102.0
          ]
        },
        "2035": {
          "max_rel_dev": 0.1985824536493579,
          "district_pops": [
            378918.0,
            473578.0,
            493735.0,
            402097.0,
            394828.0,
            365703.0,
            378574.0,
            340535.0,
            479424.0
          ]
        },
        "2040": {
          "max_rel_dev": 0.21797817025145916,
          "district_pops": [
            370164.99999999994,
            455220.0,
            483998.0,
            393863.0,
            381464.00000000006,
            350878.0,
            366016.0,
            317096.0,
            457704.0
          ]
        },
        "2045": {
          "max_rel_dev": 0.23561001505312218,
          "district_pops": [
            359666.00000000006,
            435811.0,
            471979.0,
            384281.0,
            368162.0,
            335482.0,
            353047.0,
            293940.0,
            435457.0
          ]
        },
        "2050": {
          "max_rel_dev": 0.25884012385237387,
          "district_pops": [
            348249.00000000006,
            415824.0,
            458718.0,
            373927.0,
            356010.0,
            320406.0,
            340280.0,
            271657.0,
            413695.0
          ]
        }
      }
    },
    "durability": {
      "S1": 2040,
      "S2": 2040
    },
    "district_pops": [
      391447.0,
      521074.0,
      501089.0,
      412407.0,
      421574.0,
      398580.0,
      408743.0,
      409836.0,
      526947.0
    ],
    "polsby_popper": [
      0.04099890186599568,
      0.02914948663638917,
      0.053657542105033276,
      0.01821418442900367,
      0.025660040078335142,
      0.024194759471792067,
      0.03193020840769423,
      0.011690560105553872,
      0.02675322328258357
    ]
  }
}
